src/features/kabaddi/pages/PlayerProfilePage.tsx(242,29): error TS2304: Cannot find name 'Share2'.
